C51 COMPILER V9.59.0.0   CARGO                                                             01/20/2023 18:45:21 PAGE 1   


C51 COMPILER V9.59.0.0, COMPILATION OF MODULE CARGO
OBJECT MODULE PLACED IN .\Objects\cargo.obj
COMPILER INVOKED BY: D:\C51\BIN\C51.EXE cargo.c OPTIMIZE(8,SPEED) BROWSE DEBUG OBJECTEXTEND PRINT(.\Listings\cargo.lst) 
                    -OBJECT(.\Objects\cargo.obj)

line level    source

   1          #include <REGX52.H>
   2          
   3          
   4          sbit IN21=P1^1;//???
   5          sbit IN22=P1^2;
   6          
   7          sbit IN23=P1^3;//???
   8          sbit IN24=P1^4;
   9          
  10          sbit ENA=P1^5;
  11          sbit ENB=P1^6;
  12          
  13          sbit leftlight=P0^2;
  14          sbit rightlight=P0^3;
  15          sbit midlight=P0^1;
  16          void cargo()
  17          {
  18   1                                              IN21=1;
  19   1                                              IN22=0;
  20   1                                              IN23=1;
  21   1                                              IN24=0;
  22   1      //                              if(leftlight == 0 && midlight==1&& rightlight == 0)
  23   1      //                              {       
  24   1      //                                      IN21=1;
  25   1      //                                      IN22=0;
  26   1      //                                      IN23=1;
  27   1      //                                      IN24=0;
  28   1      //                              }
  29   1      //                              if(leftlight == 1 && midlight==1&& rightlight == 1)
  30   1      //                              {
  31   1      //                                      IN21=0;
  32   1      //                                      IN22=0;
  33   1      //                                      IN23=0;
  34   1      //                                      IN24=0;
  35   1      ////            
  36   1      //                              }
  37   1      //                              if(leftlight == 0 && midlight==0&& rightlight == 0)
  38   1      //                              {       
  39   1      //                                      IN21=1;
  40   1      //                                      IN22=0;
  41   1      //                                      IN23=1;
  42   1      //                                      IN24=0;
  43   1      //                              }
  44   1      
  45   1                                      
  46   1      //                              if(leftlight == 1 && midlight==0&& rightlight == 0)
  47   1      //                              {       
  48   1      //                                      IN21=1;
  49   1      //                                      IN22=0;
  50   1      //                                      IN23=0;
  51   1      //                                      IN24=0;
  52   1      //                              }
  53   1      }

C51 COMPILER V9.59.0.0   CARGO                                                             01/20/2023 18:45:21 PAGE 2   


MODULE INFORMATION:   STATIC OVERLAYABLE
   CODE SIZE        =      9    ----
   CONSTANT SIZE    =   ----    ----
   XDATA SIZE       =   ----    ----
   PDATA SIZE       =   ----    ----
   DATA SIZE        =   ----    ----
   IDATA SIZE       =   ----    ----
   BIT SIZE         =   ----    ----
END OF MODULE INFORMATION.


C51 COMPILATION COMPLETE.  0 WARNING(S),  0 ERROR(S)
